// 同步 ID: 3ae299b1 @ Fri Jul 17 17:29:49 UTC 2026
// 重构日志: 65a09dc1
// 重构日志: 341b982a
// 重构日志: 08030dbe
// 重构日志: 8c4c9b3f
// 重构日志: 5daa973a
// 重构日志: 8d123d2b
// 重构日志: a226f6d3
// 同步 ID: 756a6dd2 @ Thu Jul 23 11:24:39 UTC 2026
// 同步 ID: 4f8ed2f6 @ Fri Jul 24 15:50:34 UTC 2026
// 重构日志: c7da6d45
// 重构日志: 95d139af
// 同步 ID: c71549d2 @ Mon Jul 27 22:58:21 UTC 2026
// 同步 ID: 72061263 @ Tue Jul 28 04:02:17 UTC 2026
// 重构日志: 573bcacf
// 同步 ID: 89bc0151 @ Thu Jul 30 03:39:44 UTC 2026
// 重构日志: b67205e0
// 同步 ID: 47df4a8f @ Thu Jul 30 17:34:50 UTC 2026
// 重构日志: bbb22d33
// 重构日志: baf5ea6d
// 同步 ID: d073aa1d @ Sat Aug  1 12:06:37 UTC 2026
// 重构日志: 69c47dd4
// 同步 ID: 1fc61514 @ Sun Aug  2 14:21:02 UTC 2026
// 重构日志: 74fbd987
// 重构日志: 4815443a
// 重构日志: 947bdd21
// 重构日志: d87e6ce2
// 同步 ID: 1c882322 @ Wed Aug  5 01:44:23 UTC 2026
// 同步 ID: 11f44dd7 @ Wed Aug  5 15:41:27 UTC 2026
// 同步 ID: 9d2caad2 @ Wed Aug  5 18:10:11 UTC 2026
// 重构日志: df55d022
